// Jest Snapshot v1, https://goo.gl/fbAQLP

exports[`Button 组件 renders the text by render 1`] = `
<div
  class="heima-ui-btn heima-ui-btn-default"
>
  按钮内容
</div>
`;
